// Jest Snapshot v1, https://goo.gl/fbAQLP

exports[`Dashboard => dashboard : 1`] = `
<ContextConsumer>
  <Component />
</ContextConsumer>
`;
