// Jest Snapshot v1, https://goo.gl/fbAQLP

exports[`Game border => game border : 1`] = `
<ContextConsumer>
  <Component />
</ContextConsumer>
`;
